// Jest Snapshot v1, https://jestjs.io/docs/snapshot-testing

exports[`layoutTextOnPath snapshots arc path snapshot 1`] = `
[
  {
    "char": "A",
    "corners": [
      {
        "x": 81.32,
        "y": 3.38,
      },
      {
        "x": 93.29,
        "y": 2.52,
      },
      {
        "x": 94.71,
        "y": 22.47,
      },
      {
        "x": 82.74,
        "y": 23.33,
      },
    ],
  },
  {
    "char": "r",
    "corners": [
      {
        "x": 94.01,
        "y": 2.5,
      },
      {
        "x": 106.01,
        "y": 2.5,
      },
      {
        "x": 106.01,
        "y": 22.5,
      },
      {
        "x": 94.01,
        "y": 22.5,
      },
    ],
  },
  {
    "char": "c",
    "corners": [
      {
        "x": 106.73,
        "y": 2.53,
      },
      {
        "x": 118.7,
        "y": 3.38,
      },
      {
        "x": 117.27,
        "y": 23.33,
      },
      {
        "x": 105.3,
        "y": 22.47,
      },
    ],
  },
]
`;

exports[`layoutTextOnPath snapshots horizontal line snapshot 1`] = `
[
  {
    "char": "A",
    "corners": [
      {
        "x": 0,
        "y": -10,
      },
      {
        "x": 12,
        "y": -10,
      },
      {
        "x": 12,
        "y": 10,
      },
      {
        "x": 0,
        "y": 10,
      },
    ],
  },
  {
    "char": "B",
    "corners": [
      {
        "x": 12,
        "y": -10,
      },
      {
        "x": 24,
        "y": -10,
      },
      {
        "x": 24,
        "y": 10,
      },
      {
        "x": 12,
        "y": 10,
      },
    ],
  },
  {
    "char": "C",
    "corners": [
      {
        "x": 24,
        "y": -10,
      },
      {
        "x": 36,
        "y": -10,
      },
      {
        "x": 36,
        "y": 10,
      },
      {
        "x": 24,
        "y": 10,
      },
    ],
  },
]
`;
